warning: unused import: `NoteLinkStrategy`
  --> src/abel/entity.rs:13:50
   |
13 |     CucaNote, DisplayPositioned, EntityPosition, NoteLinkStrategy, Together,
   |                                                  ^^^^^^^^^^^^^^^^
   |
   = note: `#[warn(unused_imports)]` (part of `#[warn(unused)]`) on by default

warning: unused import: `ArrowBody`
  --> src/skin/rose.rs:16:5
   |
16 |     ArrowBody, ArrowConfiguration, ArrowDecoration, ArrowDirection, ArrowHead, ArrowPart,
   |     ^^^^^^^^^

warning: unused import: `crate::klimt::geom::XCubicCurve2D`
   --> src/svek/svg_result.rs:367:9
    |
367 |     use crate::klimt::geom::XCubicCurve2D;
    |         ^^^^^^^^^^^^^^^^^^^^^^^^^^^^^^^^^

warning: unused imports: `count_creole_lines` and `max_creole_plain_line_len`
  --> src/render/svg.rs:22:5
   |
22 |     count_creole_lines, creole_plain_text, get_default_font_family_pub,
   |     ^^^^^^^^^^^^^^^^^^
23 |     max_creole_plain_line_len, render_creole_text, set_default_font_family,
   |     ^^^^^^^^^^^^^^^^^^^^^^^^^

warning: unused import: `std::collections::HashMap`
 --> src/render/svg_sprite.rs:9:5
  |
9 | use std::collections::HashMap;
  |     ^^^^^^^^^^^^^^^^^^^^^^^^^

warning: unused import: `std::fmt::Write`
 --> src/render/svg_wbs.rs:2:5
  |
2 | use std::fmt::Write;
  |     ^^^^^^^^^^^^^^^

warning: unused import: `xml_escape`
 --> src/render/svg_wbs.rs:5:36
  |
5 | use crate::klimt::svg::{fmt_coord, xml_escape, LengthAdjust, SvgGraphic};
  |                                    ^^^^^^^^^^

warning: unused variable: `y_cursor`
   --> src/layout/activity.rs:782:5
    |
782 |     y_cursor: f64,
    |     ^^^^^^^^
    |
    = note: `#[warn(unused_variables)]` (part of `#[warn(unused)]`) on by default
help: if this is intentional, prefix it with an underscore
    |
782 |     _y_cursor: f64,
    |     +
help: you might have meant to pattern match on the similarly named constant `PAD`
    |
782 -     y_cursor: f64,
782 +     render::svg_wbs::PAD: f64,
    |

warning: unused variable: `box_idx`
   --> src/layout/json_diagram.rs:223:9
    |
223 |     let box_idx = boxes.len();
    |         ^^^^^^^
    |
help: if this is intentional, prefix it with an underscore
    |
223 |     let _box_idx = boxes.len();
    |         +
help: you might have meant to pattern match on the similarly named constant `MAX_ITERATIONS`
    |
223 -     let box_idx = boxes.len();
223 +     let preproc::Context::process_while::MAX_ITERATIONS = boxes.len();
    |

warning: unused variable: `i`
   --> src/layout/json_diagram.rs:241:10
    |
241 |     for (i, row_spec) in spec.rows.iter().enumerate() {
    |          ^
    |
help: if this is intentional, prefix it with an underscore
    |
241 |     for (_i, row_spec) in spec.rows.iter().enumerate() {
    |          +
help: you might have meant to pattern match on the similarly named constant `MAX_ITERATIONS`
    |
241 -     for (i, row_spec) in spec.rows.iter().enumerate() {
241 +     for (preproc::Context::process_while::MAX_ITERATIONS, row_spec) in spec.rows.iter().enumerate() {
    |

warning: unused variable: `sep_y_str`
    --> src/render/svg.rs:1554:9
     |
1554 |     let sep_y_str = fmt_coord(section_y);
     |         ^^^^^^^^^ help: if this is intentional, prefix it with an underscore: `_sep_y_str`

warning: unused variable: `cx`
    --> src/render/svg.rs:1714:17
     |
1714 |             let cx = fmt_coord(ecx);
     |                 ^^ help: if this is intentional, prefix it with an underscore: `_cx`

warning: unused variable: `cy`
    --> src/render/svg.rs:1715:17
     |
1715 |             let cy = fmt_coord(ecy);
     |                 ^^ help: if this is intentional, prefix it with an underscore: `_cy`

warning: unused variable: `rx`
    --> src/render/svg.rs:1727:17
     |
1727 |             let rx = fmt_coord(rect_x);
     |                 ^^ help: if this is intentional, prefix it with an underscore: `_rx`

warning: unused variable: `ry`
    --> src/render/svg.rs:1728:17
     |
1728 |             let ry = fmt_coord(rect_y);
     |                 ^^ help: if this is intentional, prefix it with an underscore: `_ry`

warning: field `0` is never read
   --> src/klimt/svg.rs:141:11
    |
141 |     Group(String),
    |     ----- ^^^^^^
    |     |
    |     field in this variant
    |
    = note: `GroupEntry` has derived impls for the traits `Clone` and `Debug`, but these are intentionally ignored during dead code analysis
    = note: `#[warn(dead_code)]` (part of `#[warn(unused)]`) on by default
help: consider changing the field to be of unit type to suppress this warning while preserving the field numbering, or remove the field
    |
141 -     Group(String),
141 +     Group(()),
    |

warning: field `0` is never read
   --> src/klimt/svg.rs:142:10
    |
142 |     Link(String),
    |     ---- ^^^^^^
    |     |
    |     field in this variant
    |
    = note: `GroupEntry` has derived impls for the traits `Clone` and `Debug`, but these are intentionally ignored during dead code analysis
help: consider changing the field to be of unit type to suppress this warning while preserving the field numbering, or remove the field
    |
142 -     Link(String),
142 +     Link(()),
    |

warning: constant `CLASS_ATTR_FONT_SIZE` is never used
  --> src/layout/mod.rs:62:7
   |
62 | const CLASS_ATTR_FONT_SIZE: f64 = 10.0;
   |       ^^^^^^^^^^^^^^^^^^^^

warning: constant `MEMBER_BLOCK_HEIGHT_ONE_ROW` is never used
  --> src/layout/mod.rs:97:7
   |
97 | const MEMBER_BLOCK_HEIGHT_ONE_ROW: f64 = 24.296875;
   |       ^^^^^^^^^^^^^^^^^^^^^^^^^^^

warning: field `frag_header_height` is never read
  --> src/layout/sequence.rs:55:5
   |
45 | struct LayoutParams {
   |        ------------ field in this struct
...
55 |     frag_header_height: f64,
   |     ^^^^^^^^^^^^^^^^^^

warning: struct `TranslateFunction` is never constructed
   --> src/svek/mod.rs:475:8
    |
475 | struct TranslateFunction {
    |        ^^^^^^^^^^^^^^^^^

warning: method `is_opalisable` is never used
   --> src/svek/edge.rs:914:8
    |
431 | impl SvekEdge {
    | ------------- method in this implementation
...
914 |     fn is_opalisable(&self) -> bool {
    |        ^^^^^^^^^^^^^

warning: function `parse_points` is never used
   --> src/svek/svg_result.rs:328:4
    |
328 | fn parse_points(s: &str) -> Vec<XPoint2D> {
    |    ^^^^^^^^^^^^

warning: constant `PADDING` is never used
  --> src/render/svg.rs:47:7
   |
47 | const PADDING: f64 = 3.0;
   |       ^^^^^^^

warning: constant `CIRCLE_LEFT_PAD` is never used
  --> src/render/svg.rs:59:7
   |
59 | const CIRCLE_LEFT_PAD: f64 = 4.0;
   |       ^^^^^^^^^^^^^^^

warning: constant `CIRCLE_DIAMETER` is never used
  --> src/render/svg.rs:61:7
   |
61 | const CIRCLE_DIAMETER: f64 = 22.0;
   |       ^^^^^^^^^^^^^^^

warning: constant `MEMBER_ICON_DRAW_OFFSET` is never used
  --> src/render/svg.rs:99:7
   |
99 | const MEMBER_ICON_DRAW_OFFSET: f64 = 2.0;
   |       ^^^^^^^^^^^^^^^^^^^^^^^

warning: constant `MEMBER_ICON_RADIUS` is never used
   --> src/render/svg.rs:101:7
    |
101 | const MEMBER_ICON_RADIUS: f64 = 3.0;
    |       ^^^^^^^^^^^^^^^^^^

warning: constant `GENERIC_PROTRUSION` is never used
   --> src/render/svg.rs:128:7
    |
128 | const GENERIC_PROTRUSION: f64 = GENERIC_DELTA - GENERIC_OUTER_MARGIN;
    |       ^^^^^^^^^^^^^^^^^^

warning: function `write_svg_root` is never used
   --> src/render/svg.rs:160:15
    |
160 | pub(crate) fn write_svg_root(buf: &mut String, w: f64, h: f64, diagram_type: &str) {
    |               ^^^^^^^^^^^^^^

warning: function `offset_glyph_path_xy` is never used
    --> src/render/svg.rs:1080:4
     |
1080 | fn offset_glyph_path_xy(path: &str, dx: f64, dy: f64) -> String {
     |    ^^^^^^^^^^^^^^^^^^^^

warning: function `format_member` is never used
    --> src/render/svg.rs:1823:4
     |
1823 | fn format_member(m: &Member) -> String {
     |    ^^^^^^^^^^^^^

warning: constant `FRAG_SEP_LABEL_Y_OFFSET` is never used
  --> src/render/svg_sequence.rs:38:7
   |
38 | const FRAG_SEP_LABEL_Y_OFFSET: f64 = 10.2104;
   |       ^^^^^^^^^^^^^^^^^^^^^^^

warning: `plantuml-little` (lib) generated 33 warnings (run `cargo fix --lib -p plantuml-little` to apply 10 suggestions)
warning: function `reference_fixtures_dev_newline_WBS_arrow_puml` should have a snake case name
   --> tests/reference_tests.rs:255:17
    |
255 | reference_test!(reference_fixtures_dev_newline_WBS_arrow_puml, "fixtures/dev/newline/WBS_arrow.puml");
    |                 ^^^^^^^^^^^^^^^^^^^^^^^^^^^^^^^^^^^^^^^^^^^^^ help: convert the identifier to snake case: `reference_fixtures_dev_newline_wbs_arrow_puml`
    |
    = note: `#[warn(non_snake_case)]` (part of `#[warn(nonstandard_style)]`) on by default

warning: function `reference_fixtures_dev_newline_WBS_direction_puml` should have a snake case name
   --> tests/reference_tests.rs:256:17
    |
256 | reference_test!(reference_fixtures_dev_newline_WBS_direction_puml, "fixtures/dev/newline/WBS_direction.puml");
    |                 ^^^^^^^^^^^^^^^^^^^^^^^^^^^^^^^^^^^^^^^^^^^^^^^^^ help: convert the identifier to snake case: `reference_fixtures_dev_newline_wbs_direction_puml`

warning: function `reference_fixtures_dev_newline_link_URL_tooltip_puml` should have a snake case name
   --> tests/reference_tests.rs:267:17
    |
267 | reference_test!(reference_fixtures_dev_newline_link_URL_tooltip_puml, "fixtures/dev/newline/link_URL_tooltip.puml");
    |                 ^^^^^^^^^^^^^^^^^^^^^^^^^^^^^^^^^^^^^^^^^^^^^^^^^^^^ help: convert the identifier to snake case: `reference_fixtures_dev_newline_link_url_tooltip_puml`

warning: function `reference_fixtures_nonreg_graphml_GML0000_puml` should have a snake case name
   --> tests/reference_tests.rs:302:17
    |
302 | reference_test!(reference_fixtures_nonreg_graphml_GML0000_puml, "fixtures/nonreg/graphml/GML0000.puml");
    |                 ^^^^^^^^^^^^^^^^^^^^^^^^^^^^^^^^^^^^^^^^^^^^^^ help: convert the identifier to snake case: `reference_fixtures_nonreg_graphml_gml0000_puml`

warning: function `reference_fixtures_nonreg_graphml_GML0001_puml` should have a snake case name
   --> tests/reference_tests.rs:303:17
    |
303 | reference_test!(reference_fixtures_nonreg_graphml_GML0001_puml, "fixtures/nonreg/graphml/GML0001.puml");
    |                 ^^^^^^^^^^^^^^^^^^^^^^^^^^^^^^^^^^^^^^^^^^^^^^ help: convert the identifier to snake case: `reference_fixtures_nonreg_graphml_gml0001_puml`

warning: function `reference_fixtures_nonreg_scxml_SCXML0001_puml` should have a snake case name
   --> tests/reference_tests.rs:304:17
    |
304 | reference_test!(reference_fixtures_nonreg_scxml_SCXML0001_puml, "fixtures/nonreg/scxml/SCXML0001.puml");
    |                 ^^^^^^^^^^^^^^^^^^^^^^^^^^^^^^^^^^^^^^^^^^^^^^ help: convert the identifier to snake case: `reference_fixtures_nonreg_scxml_scxml0001_puml`

warning: function `reference_fixtures_nonreg_scxml_SCXML0002_puml` should have a snake case name
   --> tests/reference_tests.rs:305:17
    |
305 | reference_test!(reference_fixtures_nonreg_scxml_SCXML0002_puml, "fixtures/nonreg/scxml/SCXML0002.puml");
    |                 ^^^^^^^^^^^^^^^^^^^^^^^^^^^^^^^^^^^^^^^^^^^^^^ help: convert the identifier to snake case: `reference_fixtures_nonreg_scxml_scxml0002_puml`

warning: function `reference_fixtures_nonreg_scxml_SCXML0003_puml` should have a snake case name
   --> tests/reference_tests.rs:306:17
    |
306 | reference_test!(reference_fixtures_nonreg_scxml_SCXML0003_puml, "fixtures/nonreg/scxml/SCXML0003.puml");
    |                 ^^^^^^^^^^^^^^^^^^^^^^^^^^^^^^^^^^^^^^^^^^^^^^ help: convert the identifier to snake case: `reference_fixtures_nonreg_scxml_scxml0003_puml`

warning: function `reference_fixtures_nonreg_scxml_SCXML0004_puml` should have a snake case name
   --> tests/reference_tests.rs:307:17
    |
307 | reference_test!(reference_fixtures_nonreg_scxml_SCXML0004_puml, "fixtures/nonreg/scxml/SCXML0004.puml");
    |                 ^^^^^^^^^^^^^^^^^^^^^^^^^^^^^^^^^^^^^^^^^^^^^^ help: convert the identifier to snake case: `reference_fixtures_nonreg_scxml_scxml0004_puml`

warning: function `reference_fixtures_nonreg_scxml_SCXML0005_puml` should have a snake case name
   --> tests/reference_tests.rs:308:17
    |
308 | reference_test!(reference_fixtures_nonreg_scxml_SCXML0005_puml, "fixtures/nonreg/scxml/SCXML0005.puml");
    |                 ^^^^^^^^^^^^^^^^^^^^^^^^^^^^^^^^^^^^^^^^^^^^^^ help: convert the identifier to snake case: `reference_fixtures_nonreg_scxml_scxml0005_puml`

warning: function `reference_fixtures_nonreg_simple_A0000_puml` should have a snake case name
   --> tests/reference_tests.rs:309:17
    |
309 | reference_test!(reference_fixtures_nonreg_simple_A0000_puml, "fixtures/nonreg/simple/A0000.puml");
    |                 ^^^^^^^^^^^^^^^^^^^^^^^^^^^^^^^^^^^^^^^^^^^ help: convert the identifier to snake case: `reference_fixtures_nonreg_simple_a0000_puml`

warning: function `reference_fixtures_nonreg_simple_A0001_puml` should have a snake case name
   --> tests/reference_tests.rs:310:17
    |
310 | reference_test!(reference_fixtures_nonreg_simple_A0001_puml, "fixtures/nonreg/simple/A0001.puml");
    |                 ^^^^^^^^^^^^^^^^^^^^^^^^^^^^^^^^^^^^^^^^^^^ help: convert the identifier to snake case: `reference_fixtures_nonreg_simple_a0001_puml`

warning: function `reference_fixtures_nonreg_simple_A0002_puml` should have a snake case name
   --> tests/reference_tests.rs:311:17
    |
311 | reference_test!(reference_fixtures_nonreg_simple_A0002_puml, "fixtures/nonreg/simple/A0002.puml");
    |                 ^^^^^^^^^^^^^^^^^^^^^^^^^^^^^^^^^^^^^^^^^^^ help: convert the identifier to snake case: `reference_fixtures_nonreg_simple_a0002_puml`

warning: function `reference_fixtures_nonreg_simple_A0003_puml` should have a snake case name
   --> tests/reference_tests.rs:312:17
    |
312 | reference_test!(reference_fixtures_nonreg_simple_A0003_puml, "fixtures/nonreg/simple/A0003.puml");
    |                 ^^^^^^^^^^^^^^^^^^^^^^^^^^^^^^^^^^^^^^^^^^^ help: convert the identifier to snake case: `reference_fixtures_nonreg_simple_a0003_puml`

warning: function `reference_fixtures_nonreg_simple_A0004_puml` should have a snake case name
   --> tests/reference_tests.rs:313:17
    |
313 | reference_test!(reference_fixtures_nonreg_simple_A0004_puml, "fixtures/nonreg/simple/A0004.puml");
    |                 ^^^^^^^^^^^^^^^^^^^^^^^^^^^^^^^^^^^^^^^^^^^ help: convert the identifier to snake case: `reference_fixtures_nonreg_simple_a0004_puml`

warning: function `reference_fixtures_nonreg_simple_A0005_puml` should have a snake case name
   --> tests/reference_tests.rs:314:17
    |
314 | reference_test!(reference_fixtures_nonreg_simple_A0005_puml, "fixtures/nonreg/simple/A0005.puml");
    |                 ^^^^^^^^^^^^^^^^^^^^^^^^^^^^^^^^^^^^^^^^^^^ help: convert the identifier to snake case: `reference_fixtures_nonreg_simple_a0005_puml`

warning: function `reference_fixtures_nonreg_simple_A0006_puml` should have a snake case name
   --> tests/reference_tests.rs:315:17
    |
315 | reference_test!(reference_fixtures_nonreg_simple_A0006_puml, "fixtures/nonreg/simple/A0006.puml");
    |                 ^^^^^^^^^^^^^^^^^^^^^^^^^^^^^^^^^^^^^^^^^^^ help: convert the identifier to snake case: `reference_fixtures_nonreg_simple_a0006_puml`

warning: function `reference_fixtures_nonreg_simple_ChenMovie_puml` should have a snake case name
   --> tests/reference_tests.rs:316:17
    |
316 | reference_test!(reference_fixtures_nonreg_simple_ChenMovie_puml, "fixtures/nonreg/simple/ChenMovie.puml");
    |                 ^^^^^^^^^^^^^^^^^^^^^^^^^^^^^^^^^^^^^^^^^^^^^^^ help: convert the identifier to snake case: `reference_fixtures_nonreg_simple_chen_movie_puml`

warning: function `reference_fixtures_nonreg_simple_ChenMovieAlias_puml` should have a snake case name
   --> tests/reference_tests.rs:317:17
    |
317 | reference_test!(reference_fixtures_nonreg_simple_ChenMovieAlias_puml, "fixtures/nonreg/simple/ChenMovieAlias.puml");
    |                 ^^^^^^^^^^^^^^^^^^^^^^^^^^^^^^^^^^^^^^^^^^^^^^^^^^^^ help: convert the identifier to snake case: `reference_fixtures_nonreg_simple_chen_movie_alias_puml`

warning: function `reference_fixtures_nonreg_simple_ChenMovieExtended_puml` should have a snake case name
   --> tests/reference_tests.rs:318:17
    |
318 | reference_test!(reference_fixtures_nonreg_simple_ChenMovieExtended_puml, "fixtures/nonreg/simple/ChenMovieExtended.puml");
    |                 ^^^^^^^^^^^^^^^^^^^^^^^^^^^^^^^^^^^^^^^^^^^^^^^^^^^^^^^ help: convert the identifier to snake case: `reference_fixtures_nonreg_simple_chen_movie_extended_puml`

warning: function `reference_fixtures_nonreg_simple_ChenRankDir_puml` should have a snake case name
   --> tests/reference_tests.rs:319:17
    |
319 | reference_test!(reference_fixtures_nonreg_simple_ChenRankDir_puml, "fixtures/nonreg/simple/ChenRankDir.puml");
    |                 ^^^^^^^^^^^^^^^^^^^^^^^^^^^^^^^^^^^^^^^^^^^^^^^^^ help: convert the identifier to snake case: `reference_fixtures_nonreg_simple_chen_rank_dir_puml`

warning: function `reference_fixtures_nonreg_simple_ComponentExtraArrows_0001_puml` should have a snake case name
   --> tests/reference_tests.rs:320:17
    |
320 | reference_test!(reference_fixtures_nonreg_simple_ComponentExtraArrows_0001_puml, "fixtures/nonreg/simple/ComponentExtraArrows_0001.puml");
    |                 ^^^^^^^^^^^^^^^^^^^^^^^^^^^^^^^^^^^^^^^^^^^^^^^^^^^^^^^^^^^^^^^ help: convert the identifier to snake case: `reference_fixtures_nonreg_simple_component_extra_arrows_0001_puml`

warning: function `reference_fixtures_nonreg_simple_HideShow001_puml` should have a snake case name
   --> tests/reference_tests.rs:321:17
    |
321 | reference_test!(reference_fixtures_nonreg_simple_HideShow001_puml, "fixtures/nonreg/simple/HideShow001.puml");
    |                 ^^^^^^^^^^^^^^^^^^^^^^^^^^^^^^^^^^^^^^^^^^^^^^^^^ help: convert the identifier to snake case: `reference_fixtures_nonreg_simple_hide_show001_puml`

warning: function `reference_fixtures_nonreg_simple_HideShow002_puml` should have a snake case name
   --> tests/reference_tests.rs:322:17
    |
322 | reference_test!(reference_fixtures_nonreg_simple_HideShow002_puml, "fixtures/nonreg/simple/HideShow002.puml");
    |                 ^^^^^^^^^^^^^^^^^^^^^^^^^^^^^^^^^^^^^^^^^^^^^^^^^ help: convert the identifier to snake case: `reference_fixtures_nonreg_simple_hide_show002_puml`

warning: function `reference_fixtures_nonreg_simple_HideShow003_puml` should have a snake case name
   --> tests/reference_tests.rs:323:17
    |
323 | reference_test!(reference_fixtures_nonreg_simple_HideShow003_puml, "fixtures/nonreg/simple/HideShow003.puml");
    |                 ^^^^^^^^^^^^^^^^^^^^^^^^^^^^^^^^^^^^^^^^^^^^^^^^^ help: convert the identifier to snake case: `reference_fixtures_nonreg_simple_hide_show003_puml`

warning: function `reference_fixtures_nonreg_simple_HideShow004_puml` should have a snake case name
   --> tests/reference_tests.rs:324:17
    |
324 | reference_test!(reference_fixtures_nonreg_simple_HideShow004_puml, "fixtures/nonreg/simple/HideShow004.puml");
    |                 ^^^^^^^^^^^^^^^^^^^^^^^^^^^^^^^^^^^^^^^^^^^^^^^^^ help: convert the identifier to snake case: `reference_fixtures_nonreg_simple_hide_show004_puml`

warning: function `reference_fixtures_nonreg_simple_QualifiedAssoc001_puml` should have a snake case name
   --> tests/reference_tests.rs:325:17
    |
325 | reference_test!(reference_fixtures_nonreg_simple_QualifiedAssoc001_puml, "fixtures/nonreg/simple/QualifiedAssoc001.puml");
    |                 ^^^^^^^^^^^^^^^^^^^^^^^^^^^^^^^^^^^^^^^^^^^^^^^^^^^^^^^ help: convert the identifier to snake case: `reference_fixtures_nonreg_simple_qualified_assoc001_puml`

warning: function `reference_fixtures_nonreg_simple_QualifiedAssoc002_puml` should have a snake case name
   --> tests/reference_tests.rs:326:17
    |
326 | reference_test!(reference_fixtures_nonreg_simple_QualifiedAssoc002_puml, "fixtures/nonreg/simple/QualifiedAssoc002.puml");
    |                 ^^^^^^^^^^^^^^^^^^^^^^^^^^^^^^^^^^^^^^^^^^^^^^^^^^^^^^^ help: convert the identifier to snake case: `reference_fixtures_nonreg_simple_qualified_assoc002_puml`

warning: function `reference_fixtures_nonreg_simple_SequenceArrows_0001_puml` should have a snake case name
   --> tests/reference_tests.rs:327:17
    |
327 | reference_test!(reference_fixtures_nonreg_simple_SequenceArrows_0001_puml, "fixtures/nonreg/simple/SequenceArrows_0001.puml");
    |                 ^^^^^^^^^^^^^^^^^^^^^^^^^^^^^^^^^^^^^^^^^^^^^^^^^^^^^^^^^ help: convert the identifier to snake case: `reference_fixtures_nonreg_simple_sequence_arrows_0001_puml`

warning: function `reference_fixtures_nonreg_simple_SequenceArrows_0002_puml` should have a snake case name
   --> tests/reference_tests.rs:328:17
    |
328 | reference_test!(reference_fixtures_nonreg_simple_SequenceArrows_0002_puml, "fixtures/nonreg/simple/SequenceArrows_0002.puml");
    |                 ^^^^^^^^^^^^^^^^^^^^^^^^^^^^^^^^^^^^^^^^^^^^^^^^^^^^^^^^^ help: convert the identifier to snake case: `reference_fixtures_nonreg_simple_sequence_arrows_0002_puml`

warning: function `reference_fixtures_nonreg_simple_SequenceLayout_0001_puml` should have a snake case name
   --> tests/reference_tests.rs:329:17
    |
329 | reference_test!(reference_fixtures_nonreg_simple_SequenceLayout_0001_puml, "fixtures/nonreg/simple/SequenceLayout_0001.puml");
    |                 ^^^^^^^^^^^^^^^^^^^^^^^^^^^^^^^^^^^^^^^^^^^^^^^^^^^^^^^^^ help: convert the identifier to snake case: `reference_fixtures_nonreg_simple_sequence_layout_0001_puml`

warning: function `reference_fixtures_nonreg_simple_SequenceLayout_0001b_puml` should have a snake case name
   --> tests/reference_tests.rs:330:17
    |
330 | reference_test!(reference_fixtures_nonreg_simple_SequenceLayout_0001b_puml, "fixtures/nonreg/simple/SequenceLayout_0001b.puml");
    |                 ^^^^^^^^^^^^^^^^^^^^^^^^^^^^^^^^^^^^^^^^^^^^^^^^^^^^^^^^^^ help: convert the identifier to snake case: `reference_fixtures_nonreg_simple_sequence_layout_0001b_puml`

warning: function `reference_fixtures_nonreg_simple_SequenceLayout_0001c_puml` should have a snake case name
   --> tests/reference_tests.rs:331:17
    |
331 | reference_test!(reference_fixtures_nonreg_simple_SequenceLayout_0001c_puml, "fixtures/nonreg/simple/SequenceLayout_0001c.puml");
    |                 ^^^^^^^^^^^^^^^^^^^^^^^^^^^^^^^^^^^^^^^^^^^^^^^^^^^^^^^^^^ help: convert the identifier to snake case: `reference_fixtures_nonreg_simple_sequence_layout_0001c_puml`

warning: function `reference_fixtures_nonreg_simple_SequenceLayout_0002_puml` should have a snake case name
   --> tests/reference_tests.rs:332:17
    |
332 | reference_test!(reference_fixtures_nonreg_simple_SequenceLayout_0002_puml, "fixtures/nonreg/simple/SequenceLayout_0002.puml");
    |                 ^^^^^^^^^^^^^^^^^^^^^^^^^^^^^^^^^^^^^^^^^^^^^^^^^^^^^^^^^ help: convert the identifier to snake case: `reference_fixtures_nonreg_simple_sequence_layout_0002_puml`

warning: function `reference_fixtures_nonreg_simple_SequenceLayout_0003_puml` should have a snake case name
   --> tests/reference_tests.rs:333:17
    |
333 | reference_test!(reference_fixtures_nonreg_simple_SequenceLayout_0003_puml, "fixtures/nonreg/simple/SequenceLayout_0003.puml");
    |                 ^^^^^^^^^^^^^^^^^^^^^^^^^^^^^^^^^^^^^^^^^^^^^^^^^^^^^^^^^ help: convert the identifier to snake case: `reference_fixtures_nonreg_simple_sequence_layout_0003_puml`

warning: function `reference_fixtures_nonreg_simple_SequenceLayout_0004_puml` should have a snake case name
   --> tests/reference_tests.rs:334:17
    |
334 | reference_test!(reference_fixtures_nonreg_simple_SequenceLayout_0004_puml, "fixtures/nonreg/simple/SequenceLayout_0004.puml");
    |                 ^^^^^^^^^^^^^^^^^^^^^^^^^^^^^^^^^^^^^^^^^^^^^^^^^^^^^^^^^ help: convert the identifier to snake case: `reference_fixtures_nonreg_simple_sequence_layout_0004_puml`

warning: function `reference_fixtures_nonreg_simple_SequenceLayout_0005_puml` should have a snake case name
   --> tests/reference_tests.rs:335:17
    |
335 | reference_test!(reference_fixtures_nonreg_simple_SequenceLayout_0005_puml, "fixtures/nonreg/simple/SequenceLayout_0005.puml");
    |                 ^^^^^^^^^^^^^^^^^^^^^^^^^^^^^^^^^^^^^^^^^^^^^^^^^^^^^^^^^ help: convert the identifier to snake case: `reference_fixtures_nonreg_simple_sequence_layout_0005_puml`

warning: function `reference_fixtures_nonreg_simple_SequenceLayout_0005b_puml` should have a snake case name
   --> tests/reference_tests.rs:336:17
    |
336 | reference_test!(reference_fixtures_nonreg_simple_SequenceLayout_0005b_puml, "fixtures/nonreg/simple/SequenceLayout_0005b.puml");
    |                 ^^^^^^^^^^^^^^^^^^^^^^^^^^^^^^^^^^^^^^^^^^^^^^^^^^^^^^^^^^ help: convert the identifier to snake case: `reference_fixtures_nonreg_simple_sequence_layout_0005b_puml`

warning: function `reference_fixtures_nonreg_simple_SequenceLayout_0006_puml` should have a snake case name
   --> tests/reference_tests.rs:337:17
    |
337 | reference_test!(reference_fixtures_nonreg_simple_SequenceLayout_0006_puml, "fixtures/nonreg/simple/SequenceLayout_0006.puml");
    |                 ^^^^^^^^^^^^^^^^^^^^^^^^^^^^^^^^^^^^^^^^^^^^^^^^^^^^^^^^^ help: convert the identifier to snake case: `reference_fixtures_nonreg_simple_sequence_layout_0006_puml`

warning: function `reference_fixtures_nonreg_simple_SequenceLeftMessageAndActiveLifeLines_0001_puml` should have a snake case name
   --> tests/reference_tests.rs:338:17
    |
338 | reference_test!(reference_fixtures_nonreg_simple_SequenceLeftMessageAndActiveLifeLines_0001_puml, "fixtures/nonreg/simple/SequenceLeftMes...
    |                 ^^^^^^^^^^^^^^^^^^^^^^^^^^^^^^^^^^^^^^^^^^^^^^^^^^^^^^^^^^^^^^^^^^^^^^^^^^^^^^^^ help: convert the identifier to snake case: `reference_fixtures_nonreg_simple_sequence_left_message_and_active_life_lines_0001_puml`

warning: function `reference_fixtures_nonreg_simple_SequenceLeftMessageAndActiveLifeLines_0002_puml` should have a snake case name
   --> tests/reference_tests.rs:339:17
    |
339 | reference_test!(reference_fixtures_nonreg_simple_SequenceLeftMessageAndActiveLifeLines_0002_puml, "fixtures/nonreg/simple/SequenceLeftMes...
    |                 ^^^^^^^^^^^^^^^^^^^^^^^^^^^^^^^^^^^^^^^^^^^^^^^^^^^^^^^^^^^^^^^^^^^^^^^^^^^^^^^^ help: convert the identifier to snake case: `reference_fixtures_nonreg_simple_sequence_left_message_and_active_life_lines_0002_puml`

warning: function `reference_fixtures_nonreg_simple_SequenceLeftMessageAndActiveLifeLines_0003_puml` should have a snake case name
   --> tests/reference_tests.rs:340:17
    |
340 | reference_test!(reference_fixtures_nonreg_simple_SequenceLeftMessageAndActiveLifeLines_0003_puml, "fixtures/nonreg/simple/SequenceLeftMes...
    |                 ^^^^^^^^^^^^^^^^^^^^^^^^^^^^^^^^^^^^^^^^^^^^^^^^^^^^^^^^^^^^^^^^^^^^^^^^^^^^^^^^ help: convert the identifier to snake case: `reference_fixtures_nonreg_simple_sequence_left_message_and_active_life_lines_0003_puml`

warning: function `reference_fixtures_nonreg_simple_TeozAltElseParallel_0001_puml` should have a snake case name
   --> tests/reference_tests.rs:341:17
    |
341 | reference_test!(reference_fixtures_nonreg_simple_TeozAltElseParallel_0001_puml, "fixtures/nonreg/simple/TeozAltElseParallel_0001.puml");
    |                 ^^^^^^^^^^^^^^^^^^^^^^^^^^^^^^^^^^^^^^^^^^^^^^^^^^^^^^^^^^^^^^ help: convert the identifier to snake case: `reference_fixtures_nonreg_simple_teoz_alt_else_parallel_0001_puml`

warning: function `reference_fixtures_nonreg_simple_TeozAltElseParallel_0002_puml` should have a snake case name
   --> tests/reference_tests.rs:342:17
    |
342 | reference_test!(reference_fixtures_nonreg_simple_TeozAltElseParallel_0002_puml, "fixtures/nonreg/simple/TeozAltElseParallel_0002.puml");
    |                 ^^^^^^^^^^^^^^^^^^^^^^^^^^^^^^^^^^^^^^^^^^^^^^^^^^^^^^^^^^^^^^ help: convert the identifier to snake case: `reference_fixtures_nonreg_simple_teoz_alt_else_parallel_0002_puml`

warning: function `reference_fixtures_nonreg_simple_TeozAltElseParallel_0003_puml` should have a snake case name
   --> tests/reference_tests.rs:343:17
    |
343 | reference_test!(reference_fixtures_nonreg_simple_TeozAltElseParallel_0003_puml, "fixtures/nonreg/simple/TeozAltElseParallel_0003.puml");
    |                 ^^^^^^^^^^^^^^^^^^^^^^^^^^^^^^^^^^^^^^^^^^^^^^^^^^^^^^^^^^^^^^ help: convert the identifier to snake case: `reference_fixtures_nonreg_simple_teoz_alt_else_parallel_0003_puml`

warning: function `reference_fixtures_nonreg_simple_TeozAltElseParallel_0004_puml` should have a snake case name
   --> tests/reference_tests.rs:344:17
    |
344 | reference_test!(reference_fixtures_nonreg_simple_TeozAltElseParallel_0004_puml, "fixtures/nonreg/simple/TeozAltElseParallel_0004.puml");
    |                 ^^^^^^^^^^^^^^^^^^^^^^^^^^^^^^^^^^^^^^^^^^^^^^^^^^^^^^^^^^^^^^ help: convert the identifier to snake case: `reference_fixtures_nonreg_simple_teoz_alt_else_parallel_0004_puml`

warning: function `reference_fixtures_nonreg_simple_TeozAltElseParallel_0005_puml` should have a snake case name
   --> tests/reference_tests.rs:345:17
    |
345 | reference_test!(reference_fixtures_nonreg_simple_TeozAltElseParallel_0005_puml, "fixtures/nonreg/simple/TeozAltElseParallel_0005.puml");
    |                 ^^^^^^^^^^^^^^^^^^^^^^^^^^^^^^^^^^^^^^^^^^^^^^^^^^^^^^^^^^^^^^ help: convert the identifier to snake case: `reference_fixtures_nonreg_simple_teoz_alt_else_parallel_0005_puml`

warning: function `reference_fixtures_nonreg_simple_TeozAltElseParallel_0006_puml` should have a snake case name
   --> tests/reference_tests.rs:346:17
    |
346 | reference_test!(reference_fixtures_nonreg_simple_TeozAltElseParallel_0006_puml, "fixtures/nonreg/simple/TeozAltElseParallel_0006.puml");
    |                 ^^^^^^^^^^^^^^^^^^^^^^^^^^^^^^^^^^^^^^^^^^^^^^^^^^^^^^^^^^^^^^ help: convert the identifier to snake case: `reference_fixtures_nonreg_simple_teoz_alt_else_parallel_0006_puml`

warning: function `reference_fixtures_nonreg_simple_TeozTimelineIssues_0001_puml` should have a snake case name
   --> tests/reference_tests.rs:347:17
    |
347 | reference_test!(reference_fixtures_nonreg_simple_TeozTimelineIssues_0001_puml, "fixtures/nonreg/simple/TeozTimelineIssues_0001.puml");
    |                 ^^^^^^^^^^^^^^^^^^^^^^^^^^^^^^^^^^^^^^^^^^^^^^^^^^^^^^^^^^^^^ help: convert the identifier to snake case: `reference_fixtures_nonreg_simple_teoz_timeline_issues_0001_puml`

warning: function `reference_fixtures_nonreg_simple_TeozTimelineIssues_0002_puml` should have a snake case name
   --> tests/reference_tests.rs:348:17
    |
348 | reference_test!(reference_fixtures_nonreg_simple_TeozTimelineIssues_0002_puml, "fixtures/nonreg/simple/TeozTimelineIssues_0002.puml");
    |                 ^^^^^^^^^^^^^^^^^^^^^^^^^^^^^^^^^^^^^^^^^^^^^^^^^^^^^^^^^^^^^ help: convert the identifier to snake case: `reference_fixtures_nonreg_simple_teoz_timeline_issues_0002_puml`

warning: function `reference_fixtures_nonreg_simple_TeozTimelineIssues_0003_puml` should have a snake case name
   --> tests/reference_tests.rs:349:17
    |
349 | reference_test!(reference_fixtures_nonreg_simple_TeozTimelineIssues_0003_puml, "fixtures/nonreg/simple/TeozTimelineIssues_0003.puml");
    |                 ^^^^^^^^^^^^^^^^^^^^^^^^^^^^^^^^^^^^^^^^^^^^^^^^^^^^^^^^^^^^^ help: convert the identifier to snake case: `reference_fixtures_nonreg_simple_teoz_timeline_issues_0003_puml`

warning: function `reference_fixtures_nonreg_simple_TeozTimelineIssues_0004_puml` should have a snake case name
   --> tests/reference_tests.rs:350:17
    |
350 | reference_test!(reference_fixtures_nonreg_simple_TeozTimelineIssues_0004_puml, "fixtures/nonreg/simple/TeozTimelineIssues_0004.puml");
    |                 ^^^^^^^^^^^^^^^^^^^^^^^^^^^^^^^^^^^^^^^^^^^^^^^^^^^^^^^^^^^^^ help: convert the identifier to snake case: `reference_fixtures_nonreg_simple_teoz_timeline_issues_0004_puml`

warning: function `reference_fixtures_nonreg_simple_TeozTimelineIssues_0005_puml` should have a snake case name
   --> tests/reference_tests.rs:351:17
    |
351 | reference_test!(reference_fixtures_nonreg_simple_TeozTimelineIssues_0005_puml, "fixtures/nonreg/simple/TeozTimelineIssues_0005.puml");
    |                 ^^^^^^^^^^^^^^^^^^^^^^^^^^^^^^^^^^^^^^^^^^^^^^^^^^^^^^^^^^^^^ help: convert the identifier to snake case: `reference_fixtures_nonreg_simple_teoz_timeline_issues_0005_puml`

warning: function `reference_fixtures_nonreg_simple_TeozTimelineIssues_0006_puml` should have a snake case name
   --> tests/reference_tests.rs:352:17
    |
352 | reference_test!(reference_fixtures_nonreg_simple_TeozTimelineIssues_0006_puml, "fixtures/nonreg/simple/TeozTimelineIssues_0006.puml");
    |                 ^^^^^^^^^^^^^^^^^^^^^^^^^^^^^^^^^^^^^^^^^^^^^^^^^^^^^^^^^^^^^ help: convert the identifier to snake case: `reference_fixtures_nonreg_simple_teoz_timeline_issues_0006_puml`

warning: function `reference_fixtures_nonreg_simple_TeozTimelineIssues_0007_puml` should have a snake case name
   --> tests/reference_tests.rs:353:17
    |
353 | reference_test!(reference_fixtures_nonreg_simple_TeozTimelineIssues_0007_puml, "fixtures/nonreg/simple/TeozTimelineIssues_0007.puml");
    |                 ^^^^^^^^^^^^^^^^^^^^^^^^^^^^^^^^^^^^^^^^^^^^^^^^^^^^^^^^^^^^^ help: convert the identifier to snake case: `reference_fixtures_nonreg_simple_teoz_timeline_issues_0007_puml`

warning: function `reference_fixtures_nonreg_simple_TeozTimelineIssues_0008_puml` should have a snake case name
   --> tests/reference_tests.rs:354:17
    |
354 | reference_test!(reference_fixtures_nonreg_simple_TeozTimelineIssues_0008_puml, "fixtures/nonreg/simple/TeozTimelineIssues_0008.puml");
    |                 ^^^^^^^^^^^^^^^^^^^^^^^^^^^^^^^^^^^^^^^^^^^^^^^^^^^^^^^^^^^^^ help: convert the identifier to snake case: `reference_fixtures_nonreg_simple_teoz_timeline_issues_0008_puml`

warning: function `reference_fixtures_nonreg_simple_TeozTimelineIssues_0009_puml` should have a snake case name
   --> tests/reference_tests.rs:355:17
    |
355 | reference_test!(reference_fixtures_nonreg_simple_TeozTimelineIssues_0009_puml, "fixtures/nonreg/simple/TeozTimelineIssues_0009.puml");
    |                 ^^^^^^^^^^^^^^^^^^^^^^^^^^^^^^^^^^^^^^^^^^^^^^^^^^^^^^^^^^^^^ help: convert the identifier to snake case: `reference_fixtures_nonreg_simple_teoz_timeline_issues_0009_puml`

warning: function `reference_fixtures_nonreg_simple_TimingMessageArrowFont_0001_puml` should have a snake case name
   --> tests/reference_tests.rs:356:17
    |
356 | reference_test!(reference_fixtures_nonreg_simple_TimingMessageArrowFont_0001_puml, "fixtures/nonreg/simple/TimingMessageArrowFont_0001.pu...
    |                 ^^^^^^^^^^^^^^^^^^^^^^^^^^^^^^^^^^^^^^^^^^^^^^^^^^^^^^^^^^^^^^^^^ help: convert the identifier to snake case: `reference_fixtures_nonreg_simple_timing_message_arrow_font_0001_puml`

warning: function `reference_fixtures_nonreg_simple_TimingMessageArrowFont_0002_puml` should have a snake case name
   --> tests/reference_tests.rs:357:17
    |
357 | reference_test!(reference_fixtures_nonreg_simple_TimingMessageArrowFont_0002_puml, "fixtures/nonreg/simple/TimingMessageArrowFont_0002.pu...
    |                 ^^^^^^^^^^^^^^^^^^^^^^^^^^^^^^^^^^^^^^^^^^^^^^^^^^^^^^^^^^^^^^^^^ help: convert the identifier to snake case: `reference_fixtures_nonreg_simple_timing_message_arrow_font_0002_puml`

warning: function `reference_fixtures_nonreg_svg_SVG0001_puml` should have a snake case name
   --> tests/reference_tests.rs:358:17
    |
358 | reference_test!(reference_fixtures_nonreg_svg_SVG0001_puml, "fixtures/nonreg/svg/SVG0001.puml");
    |                 ^^^^^^^^^^^^^^^^^^^^^^^^^^^^^^^^^^^^^^^^^^ help: convert the identifier to snake case: `reference_fixtures_nonreg_svg_svg0001_puml`

warning: function `reference_fixtures_nonreg_svg_SVG0002_puml` should have a snake case name
   --> tests/reference_tests.rs:359:17
    |
359 | reference_test!(reference_fixtures_nonreg_svg_SVG0002_puml, "fixtures/nonreg/svg/SVG0002.puml");
    |                 ^^^^^^^^^^^^^^^^^^^^^^^^^^^^^^^^^^^^^^^^^^ help: convert the identifier to snake case: `reference_fixtures_nonreg_svg_svg0002_puml`

warning: function `reference_fixtures_nonreg_svg_SVG0003_puml` should have a snake case name
   --> tests/reference_tests.rs:360:17
    |
360 | reference_test!(reference_fixtures_nonreg_svg_SVG0003_puml, "fixtures/nonreg/svg/SVG0003.puml");
    |                 ^^^^^^^^^^^^^^^^^^^^^^^^^^^^^^^^^^^^^^^^^^ help: convert the identifier to snake case: `reference_fixtures_nonreg_svg_svg0003_puml`

warning: function `reference_fixtures_nonreg_svg_SVG0004_Smetana_puml` should have a snake case name
   --> tests/reference_tests.rs:361:17
    |
361 | reference_test!(reference_fixtures_nonreg_svg_SVG0004_Smetana_puml, "fixtures/nonreg/svg/SVG0004_Smetana.puml");
    |                 ^^^^^^^^^^^^^^^^^^^^^^^^^^^^^^^^^^^^^^^^^^^^^^^^^^ help: convert the identifier to snake case: `reference_fixtures_nonreg_svg_svg0004_smetana_puml`

warning: function `reference_fixtures_nonreg_svg_SVG0004_Svek_puml` should have a snake case name
   --> tests/reference_tests.rs:362:17
    |
362 | reference_test!(reference_fixtures_nonreg_svg_SVG0004_Svek_puml, "fixtures/nonreg/svg/SVG0004_Svek.puml");
    |                 ^^^^^^^^^^^^^^^^^^^^^^^^^^^^^^^^^^^^^^^^^^^^^^^ help: convert the identifier to snake case: `reference_fixtures_nonreg_svg_svg0004_svek_puml`

warning: function `reference_fixtures_nonreg_svg_SVG0005_Smetana_puml` should have a snake case name
   --> tests/reference_tests.rs:363:17
    |
363 | reference_test!(reference_fixtures_nonreg_svg_SVG0005_Smetana_puml, "fixtures/nonreg/svg/SVG0005_Smetana.puml");
    |                 ^^^^^^^^^^^^^^^^^^^^^^^^^^^^^^^^^^^^^^^^^^^^^^^^^^ help: convert the identifier to snake case: `reference_fixtures_nonreg_svg_svg0005_smetana_puml`

warning: function `reference_fixtures_nonreg_svg_SVG0005_Svek_puml` should have a snake case name
   --> tests/reference_tests.rs:364:17
    |
364 | reference_test!(reference_fixtures_nonreg_svg_SVG0005_Svek_puml, "fixtures/nonreg/svg/SVG0005_Svek.puml");
    |                 ^^^^^^^^^^^^^^^^^^^^^^^^^^^^^^^^^^^^^^^^^^^^^^^ help: convert the identifier to snake case: `reference_fixtures_nonreg_svg_svg0005_svek_puml`

warning: function `reference_fixtures_nonreg_svg_SVG0006_Svek_puml` should have a snake case name
   --> tests/reference_tests.rs:365:17
    |
365 | reference_test!(reference_fixtures_nonreg_svg_SVG0006_Svek_puml, "fixtures/nonreg/svg/SVG0006_Svek.puml");
    |                 ^^^^^^^^^^^^^^^^^^^^^^^^^^^^^^^^^^^^^^^^^^^^^^^ help: convert the identifier to snake case: `reference_fixtures_nonreg_svg_svg0006_svek_puml`

warning: function `reference_fixtures_nonreg_xmi_clazz_XMI0000_puml` should have a snake case name
   --> tests/reference_tests.rs:366:17
    |
366 | reference_test!(reference_fixtures_nonreg_xmi_clazz_XMI0000_puml, "fixtures/nonreg/xmi/clazz/XMI0000.puml");
    |                 ^^^^^^^^^^^^^^^^^^^^^^^^^^^^^^^^^^^^^^^^^^^^^^^^ help: convert the identifier to snake case: `reference_fixtures_nonreg_xmi_clazz_xmi0000_puml`

warning: function `reference_fixtures_nonreg_xmi_clazz_XMI0002_puml` should have a snake case name
   --> tests/reference_tests.rs:367:17
    |
367 | reference_test!(reference_fixtures_nonreg_xmi_clazz_XMI0002_puml, "fixtures/nonreg/xmi/clazz/XMI0002.puml");
    |                 ^^^^^^^^^^^^^^^^^^^^^^^^^^^^^^^^^^^^^^^^^^^^^^^^ help: convert the identifier to snake case: `reference_fixtures_nonreg_xmi_clazz_xmi0002_puml`

warning: function `reference_fixtures_nonreg_xmi_clazz_XMI0003_puml` should have a snake case name
   --> tests/reference_tests.rs:368:17
    |
368 | reference_test!(reference_fixtures_nonreg_xmi_clazz_XMI0003_puml, "fixtures/nonreg/xmi/clazz/XMI0003.puml");
    |                 ^^^^^^^^^^^^^^^^^^^^^^^^^^^^^^^^^^^^^^^^^^^^^^^^ help: convert the identifier to snake case: `reference_fixtures_nonreg_xmi_clazz_xmi0003_puml`

warning: function `reference_fixtures_nonreg_xmi_clazz_XMI0004_puml` should have a snake case name
   --> tests/reference_tests.rs:369:17
    |
369 | reference_test!(reference_fixtures_nonreg_xmi_clazz_XMI0004_puml, "fixtures/nonreg/xmi/clazz/XMI0004.puml");
    |                 ^^^^^^^^^^^^^^^^^^^^^^^^^^^^^^^^^^^^^^^^^^^^^^^^ help: convert the identifier to snake case: `reference_fixtures_nonreg_xmi_clazz_xmi0004_puml`

warning: function `reference_fixtures_nonreg_xmi_component_XMI0001_puml` should have a snake case name
   --> tests/reference_tests.rs:370:17
    |
370 | reference_test!(reference_fixtures_nonreg_xmi_component_XMI0001_puml, "fixtures/nonreg/xmi/component/XMI0001.puml");
    |                 ^^^^^^^^^^^^^^^^^^^^^^^^^^^^^^^^^^^^^^^^^^^^^^^^^^^^ help: convert the identifier to snake case: `reference_fixtures_nonreg_xmi_component_xmi0001_puml`

warning: function `reference_fixtures_sprite_azureSVG_puml` should have a snake case name
   --> tests/reference_tests.rs:443:17
    |
443 | reference_test!(reference_fixtures_sprite_azureSVG_puml, "fixtures/sprite/azureSVG.puml");
    |                 ^^^^^^^^^^^^^^^^^^^^^^^^^^^^^^^^^^^^^^^ help: convert the identifier to snake case: `reference_fixtures_sprite_azure_svg_puml`

warning: function `reference_fixtures_sprite_linearGradientSpreadPad_puml` should have a snake case name
   --> tests/reference_tests.rs:444:17
    |
444 | reference_test!(reference_fixtures_sprite_linearGradientSpreadPad_puml, "fixtures/sprite/linearGradientSpreadPad.puml");
    |                 ^^^^^^^^^^^^^^^^^^^^^^^^^^^^^^^^^^^^^^^^^^^^^^^^^^^^^^ help: convert the identifier to snake case: `reference_fixtures_sprite_linear_gradient_spread_pad_puml`

warning: function `reference_fixtures_sprite_linearGradientSpreadReflect_puml` should have a snake case name
   --> tests/reference_tests.rs:445:17
    |
445 | reference_test!(reference_fixtures_sprite_linearGradientSpreadReflect_puml, "fixtures/sprite/linearGradientSpreadReflect.puml");
    |                 ^^^^^^^^^^^^^^^^^^^^^^^^^^^^^^^^^^^^^^^^^^^^^^^^^^^^^^^^^^ help: convert the identifier to snake case: `reference_fixtures_sprite_linear_gradient_spread_reflect_puml`

warning: function `reference_fixtures_sprite_linearGradientSpreadRepeat_puml` should have a snake case name
   --> tests/reference_tests.rs:446:17
    |
446 | reference_test!(reference_fixtures_sprite_linearGradientSpreadRepeat_puml, "fixtures/sprite/linearGradientSpreadRepeat.puml");
    |                 ^^^^^^^^^^^^^^^^^^^^^^^^^^^^^^^^^^^^^^^^^^^^^^^^^^^^^^^^^ help: convert the identifier to snake case: `reference_fixtures_sprite_linear_gradient_spread_repeat_puml`

warning: function `reference_fixtures_sprite_styleFontWeightRoboto_puml` should have a snake case name
   --> tests/reference_tests.rs:447:17
    |
447 | reference_test!(reference_fixtures_sprite_styleFontWeightRoboto_puml, "fixtures/sprite/styleFontWeightRoboto.puml");
    |                 ^^^^^^^^^^^^^^^^^^^^^^^^^^^^^^^^^^^^^^^^^^^^^^^^^^^^ help: convert the identifier to snake case: `reference_fixtures_sprite_style_font_weight_roboto_puml`

warning: function `reference_fixtures_sprite_svg2Groups_puml` should have a snake case name
   --> tests/reference_tests.rs:448:17
    |
448 | reference_test!(reference_fixtures_sprite_svg2Groups_puml, "fixtures/sprite/svg2Groups.puml");
    |                 ^^^^^^^^^^^^^^^^^^^^^^^^^^^^^^^^^^^^^^^^^ help: convert the identifier to snake case: `reference_fixtures_sprite_svg2_groups_puml`

warning: function `reference_fixtures_sprite_svg2GroupsInlineStyled_puml` should have a snake case name
   --> tests/reference_tests.rs:449:17
    |
449 | reference_test!(reference_fixtures_sprite_svg2GroupsInlineStyled_puml, "fixtures/sprite/svg2GroupsInlineStyled.puml");
    |                 ^^^^^^^^^^^^^^^^^^^^^^^^^^^^^^^^^^^^^^^^^^^^^^^^^^^^^ help: convert the identifier to snake case: `reference_fixtures_sprite_svg2_groups_inline_styled_puml`

warning: function `reference_fixtures_sprite_svg2GroupsWithStyle_puml` should have a snake case name
   --> tests/reference_tests.rs:450:17
    |
450 | reference_test!(reference_fixtures_sprite_svg2GroupsWithStyle_puml, "fixtures/sprite/svg2GroupsWithStyle.puml");
    |                 ^^^^^^^^^^^^^^^^^^^^^^^^^^^^^^^^^^^^^^^^^^^^^^^^^^ help: convert the identifier to snake case: `reference_fixtures_sprite_svg2_groups_with_style_puml`

warning: function `reference_fixtures_sprite_svgDiagonalGradientBLTR_puml` should have a snake case name
   --> tests/reference_tests.rs:451:17
    |
451 | reference_test!(reference_fixtures_sprite_svgDiagonalGradientBLTR_puml, "fixtures/sprite/svgDiagonalGradientBLTR.puml");
    |                 ^^^^^^^^^^^^^^^^^^^^^^^^^^^^^^^^^^^^^^^^^^^^^^^^^^^^^^ help: convert the identifier to snake case: `reference_fixtures_sprite_svg_diagonal_gradient_bltr_puml`

warning: function `reference_fixtures_sprite_svgDiagonalGradientBLTRMonochrome_puml` should have a snake case name
   --> tests/reference_tests.rs:452:17
    |
452 | reference_test!(reference_fixtures_sprite_svgDiagonalGradientBLTRMonochrome_puml, "fixtures/sprite/svgDiagonalGradientBLTRMonochrome.puml");
    |                 ^^^^^^^^^^^^^^^^^^^^^^^^^^^^^^^^^^^^^^^^^^^^^^^^^^^^^^^^^^^^^^^^ help: convert the identifier to snake case: `reference_fixtures_sprite_svg_diagonal_gradient_bltrmonochrome_puml`

warning: function `reference_fixtures_sprite_svgDiagonalGradientTLBR_puml` should have a snake case name
   --> tests/reference_tests.rs:453:17
    |
453 | reference_test!(reference_fixtures_sprite_svgDiagonalGradientTLBR_puml, "fixtures/sprite/svgDiagonalGradientTLBR.puml");
    |                 ^^^^^^^^^^^^^^^^^^^^^^^^^^^^^^^^^^^^^^^^^^^^^^^^^^^^^^ help: convert the identifier to snake case: `reference_fixtures_sprite_svg_diagonal_gradient_tlbr_puml`

warning: function `reference_fixtures_sprite_svgEmbeddedPNG_puml` should have a snake case name
   --> tests/reference_tests.rs:454:17
    |
454 | reference_test!(reference_fixtures_sprite_svgEmbeddedPNG_puml, "fixtures/sprite/svgEmbeddedPNG.puml");
    |                 ^^^^^^^^^^^^^^^^^^^^^^^^^^^^^^^^^^^^^^^^^^^^^ help: convert the identifier to snake case: `reference_fixtures_sprite_svg_embedded_png_puml`

warning: function `reference_fixtures_sprite_svgFillColourTest_2174_puml` should have a snake case name
   --> tests/reference_tests.rs:455:17
    |
455 | reference_test!(reference_fixtures_sprite_svgFillColourTest_2174_puml, "fixtures/sprite/svgFillColourTest_2174.puml");
    |                 ^^^^^^^^^^^^^^^^^^^^^^^^^^^^^^^^^^^^^^^^^^^^^^^^^^^^^ help: convert the identifier to snake case: `reference_fixtures_sprite_svg_fill_colour_test_2174_puml`

warning: function `reference_fixtures_sprite_svgFontWeightMultiWeight_puml` should have a snake case name
   --> tests/reference_tests.rs:456:17
    |
456 | reference_test!(reference_fixtures_sprite_svgFontWeightMultiWeight_puml, "fixtures/sprite/svgFontWeightMultiWeight.puml");
    |                 ^^^^^^^^^^^^^^^^^^^^^^^^^^^^^^^^^^^^^^^^^^^^^^^^^^^^^^^ help: convert the identifier to snake case: `reference_fixtures_sprite_svg_font_weight_multi_weight_puml`

warning: function `reference_fixtures_sprite_svgFontWeightStandardFonts_puml` should have a snake case name
   --> tests/reference_tests.rs:457:17
    |
457 | reference_test!(reference_fixtures_sprite_svgFontWeightStandardFonts_puml, "fixtures/sprite/svgFontWeightStandardFonts.puml");
    |                 ^^^^^^^^^^^^^^^^^^^^^^^^^^^^^^^^^^^^^^^^^^^^^^^^^^^^^^^^^ help: convert the identifier to snake case: `reference_fixtures_sprite_svg_font_weight_standard_fonts_puml`

warning: function `reference_fixtures_sprite_svgLinearGradientCircle_puml` should have a snake case name
   --> tests/reference_tests.rs:458:17
    |
458 | reference_test!(reference_fixtures_sprite_svgLinearGradientCircle_puml, "fixtures/sprite/svgLinearGradientCircle.puml");
    |                 ^^^^^^^^^^^^^^^^^^^^^^^^^^^^^^^^^^^^^^^^^^^^^^^^^^^^^^ help: convert the identifier to snake case: `reference_fixtures_sprite_svg_linear_gradient_circle_puml`

warning: function `reference_fixtures_sprite_svgPolygonStar_puml` should have a snake case name
   --> tests/reference_tests.rs:459:17
    |
459 | reference_test!(reference_fixtures_sprite_svgPolygonStar_puml, "fixtures/sprite/svgPolygonStar.puml");
    |                 ^^^^^^^^^^^^^^^^^^^^^^^^^^^^^^^^^^^^^^^^^^^^^ help: convert the identifier to snake case: `reference_fixtures_sprite_svg_polygon_star_puml`

warning: function `reference_fixtures_sprite_svgRadialGradient_puml` should have a snake case name
   --> tests/reference_tests.rs:460:17
    |
460 | reference_test!(reference_fixtures_sprite_svgRadialGradient_puml, "fixtures/sprite/svgRadialGradient.puml");
    |                 ^^^^^^^^^^^^^^^^^^^^^^^^^^^^^^^^^^^^^^^^^^^^^^^^ help: convert the identifier to snake case: `reference_fixtures_sprite_svg_radial_gradient_puml`

warning: function `reference_fixtures_sprite_svgRedCircle_puml` should have a snake case name
   --> tests/reference_tests.rs:461:17
    |
461 | reference_test!(reference_fixtures_sprite_svgRedCircle_puml, "fixtures/sprite/svgRedCircle.puml");
    |                 ^^^^^^^^^^^^^^^^^^^^^^^^^^^^^^^^^^^^^^^^^^^ help: convert the identifier to snake case: `reference_fixtures_sprite_svg_red_circle_puml`

warning: function `reference_fixtures_sprite_svgRedEllipse_puml` should have a snake case name
   --> tests/reference_tests.rs:462:17
    |
462 | reference_test!(reference_fixtures_sprite_svgRedEllipse_puml, "fixtures/sprite/svgRedEllipse.puml");
    |                 ^^^^^^^^^^^^^^^^^^^^^^^^^^^^^^^^^^^^^^^^^^^^ help: convert the identifier to snake case: `reference_fixtures_sprite_svg_red_ellipse_puml`

warning: function `reference_fixtures_sprite_svgRedLine_puml` should have a snake case name
   --> tests/reference_tests.rs:463:17
    |
463 | reference_test!(reference_fixtures_sprite_svgRedLine_puml, "fixtures/sprite/svgRedLine.puml");
    |                 ^^^^^^^^^^^^^^^^^^^^^^^^^^^^^^^^^^^^^^^^^ help: convert the identifier to snake case: `reference_fixtures_sprite_svg_red_line_puml`

warning: function `reference_fixtures_sprite_svgRedPolyLine_puml` should have a snake case name
   --> tests/reference_tests.rs:464:17
    |
464 | reference_test!(reference_fixtures_sprite_svgRedPolyLine_puml, "fixtures/sprite/svgRedPolyLine.puml");
    |                 ^^^^^^^^^^^^^^^^^^^^^^^^^^^^^^^^^^^^^^^^^^^^^ help: convert the identifier to snake case: `reference_fixtures_sprite_svg_red_poly_line_puml`

warning: function `reference_fixtures_sprite_svgRedRect_puml` should have a snake case name
   --> tests/reference_tests.rs:465:17
    |
465 | reference_test!(reference_fixtures_sprite_svgRedRect_puml, "fixtures/sprite/svgRedRect.puml");
    |                 ^^^^^^^^^^^^^^^^^^^^^^^^^^^^^^^^^^^^^^^^^ help: convert the identifier to snake case: `reference_fixtures_sprite_svg_red_rect_puml`

warning: function `reference_fixtures_sprite_svgRedRectLinearGradient_puml` should have a snake case name
   --> tests/reference_tests.rs:466:17
    |
466 | reference_test!(reference_fixtures_sprite_svgRedRectLinearGradient_puml, "fixtures/sprite/svgRedRectLinearGradient.puml");
    |                 ^^^^^^^^^^^^^^^^^^^^^^^^^^^^^^^^^^^^^^^^^^^^^^^^^^^^^^^ help: convert the identifier to snake case: `reference_fixtures_sprite_svg_red_rect_linear_gradient_puml`

warning: function `reference_fixtures_sprite_svgRedStroke_puml` should have a snake case name
   --> tests/reference_tests.rs:467:17
    |
467 | reference_test!(reference_fixtures_sprite_svgRedStroke_puml, "fixtures/sprite/svgRedStroke.puml");
    |                 ^^^^^^^^^^^^^^^^^^^^^^^^^^^^^^^^^^^^^^^^^^^ help: convert the identifier to snake case: `reference_fixtures_sprite_svg_red_stroke_puml`

warning: function `reference_fixtures_sprite_svgRedText_puml` should have a snake case name
   --> tests/reference_tests.rs:468:17
    |
468 | reference_test!(reference_fixtures_sprite_svgRedText_puml, "fixtures/sprite/svgRedText.puml");
    |                 ^^^^^^^^^^^^^^^^^^^^^^^^^^^^^^^^^^^^^^^^^ help: convert the identifier to snake case: `reference_fixtures_sprite_svg_red_text_puml`

warning: function `reference_fixtures_sprite_svgTextAnchor_puml` should have a snake case name
   --> tests/reference_tests.rs:469:17
    |
469 | reference_test!(reference_fixtures_sprite_svgTextAnchor_puml, "fixtures/sprite/svgTextAnchor.puml");
    |                 ^^^^^^^^^^^^^^^^^^^^^^^^^^^^^^^^^^^^^^^^^^^^ help: convert the identifier to snake case: `reference_fixtures_sprite_svg_text_anchor_puml`

warning: function `reference_fixtures_sprite_svgTextBold_puml` should have a snake case name
   --> tests/reference_tests.rs:470:17
    |
470 | reference_test!(reference_fixtures_sprite_svgTextBold_puml, "fixtures/sprite/svgTextBold.puml");
    |                 ^^^^^^^^^^^^^^^^^^^^^^^^^^^^^^^^^^^^^^^^^^ help: convert the identifier to snake case: `reference_fixtures_sprite_svg_text_bold_puml`

warning: function `reference_fixtures_sprite_svgTextDecoration_puml` should have a snake case name
   --> tests/reference_tests.rs:471:17
    |
471 | reference_test!(reference_fixtures_sprite_svgTextDecoration_puml, "fixtures/sprite/svgTextDecoration.puml");
    |                 ^^^^^^^^^^^^^^^^^^^^^^^^^^^^^^^^^^^^^^^^^^^^^^^^ help: convert the identifier to snake case: `reference_fixtures_sprite_svg_text_decoration_puml`

warning: function `reference_fixtures_sprite_svgTextItalic_puml` should have a snake case name
   --> tests/reference_tests.rs:472:17
    |
472 | reference_test!(reference_fixtures_sprite_svgTextItalic_puml, "fixtures/sprite/svgTextItalic.puml");
    |                 ^^^^^^^^^^^^^^^^^^^^^^^^^^^^^^^^^^^^^^^^^^^^ help: convert the identifier to snake case: `reference_fixtures_sprite_svg_text_italic_puml`

warning: function `reference_fixtures_sprite_svgTextStyleAttr_puml` should have a snake case name
   --> tests/reference_tests.rs:473:17
    |
473 | reference_test!(reference_fixtures_sprite_svgTextStyleAttr_puml, "fixtures/sprite/svgTextStyleAttr.puml");
    |                 ^^^^^^^^^^^^^^^^^^^^^^^^^^^^^^^^^^^^^^^^^^^^^^^ help: convert the identifier to snake case: `reference_fixtures_sprite_svg_text_style_attr_puml`

warning: function `reference_fixtures_sprite_svgTransformGroup_puml` should have a snake case name
   --> tests/reference_tests.rs:474:17
    |
474 | reference_test!(reference_fixtures_sprite_svgTransformGroup_puml, "fixtures/sprite/svgTransformGroup.puml");
    |                 ^^^^^^^^^^^^^^^^^^^^^^^^^^^^^^^^^^^^^^^^^^^^^^^^ help: convert the identifier to snake case: `reference_fixtures_sprite_svg_transform_group_puml`

warning: function `reference_fixtures_sprite_svgTransformMatrix_puml` should have a snake case name
   --> tests/reference_tests.rs:475:17
    |
475 | reference_test!(reference_fixtures_sprite_svgTransformMatrix_puml, "fixtures/sprite/svgTransformMatrix.puml");
    |                 ^^^^^^^^^^^^^^^^^^^^^^^^^^^^^^^^^^^^^^^^^^^^^^^^^ help: convert the identifier to snake case: `reference_fixtures_sprite_svg_transform_matrix_puml`

warning: function `reference_fixtures_sprite_svgTransformRotate_puml` should have a snake case name
   --> tests/reference_tests.rs:476:17
    |
476 | reference_test!(reference_fixtures_sprite_svgTransformRotate_puml, "fixtures/sprite/svgTransformRotate.puml");
    |                 ^^^^^^^^^^^^^^^^^^^^^^^^^^^^^^^^^^^^^^^^^^^^^^^^^ help: convert the identifier to snake case: `reference_fixtures_sprite_svg_transform_rotate_puml`

warning: function `reference_fixtures_sprite_svgTransformScale_puml` should have a snake case name
   --> tests/reference_tests.rs:477:17
    |
477 | reference_test!(reference_fixtures_sprite_svgTransformScale_puml, "fixtures/sprite/svgTransformScale.puml");
    |                 ^^^^^^^^^^^^^^^^^^^^^^^^^^^^^^^^^^^^^^^^^^^^^^^^ help: convert the identifier to snake case: `reference_fixtures_sprite_svg_transform_scale_puml`

warning: function `reference_fixtures_sprite_svgTransformTranslate_puml` should have a snake case name
   --> tests/reference_tests.rs:478:17
    |
478 | reference_test!(reference_fixtures_sprite_svgTransformTranslate_puml, "fixtures/sprite/svgTransformTranslate.puml");
    |                 ^^^^^^^^^^^^^^^^^^^^^^^^^^^^^^^^^^^^^^^^^^^^^^^^^^^^ help: convert the identifier to snake case: `reference_fixtures_sprite_svg_transform_translate_puml`

warning: function `reference_fixtures_sprite_svgUseDefs_puml` should have a snake case name
   --> tests/reference_tests.rs:479:17
    |
479 | reference_test!(reference_fixtures_sprite_svgUseDefs_puml, "fixtures/sprite/svgUseDefs.puml");
    |                 ^^^^^^^^^^^^^^^^^^^^^^^^^^^^^^^^^^^^^^^^^ help: convert the identifier to snake case: `reference_fixtures_sprite_svg_use_defs_puml`

warning: function `reference_fixtures_sprite_svgVerticalGradient_puml` should have a snake case name
   --> tests/reference_tests.rs:480:17
    |
480 | reference_test!(reference_fixtures_sprite_svgVerticalGradient_puml, "fixtures/sprite/svgVerticalGradient.puml");
    |                 ^^^^^^^^^^^^^^^^^^^^^^^^^^^^^^^^^^^^^^^^^^^^^^^^^^ help: convert the identifier to snake case: `reference_fixtures_sprite_svg_vertical_gradient_puml`

warning: function `reference_fixtures_sprite_testGradientSprite_puml` should have a snake case name
   --> tests/reference_tests.rs:481:17
    |
481 | reference_test!(reference_fixtures_sprite_testGradientSprite_puml, "fixtures/sprite/testGradientSprite.puml");
    |                 ^^^^^^^^^^^^^^^^^^^^^^^^^^^^^^^^^^^^^^^^^^^^^^^^^ help: convert the identifier to snake case: `reference_fixtures_sprite_test_gradient_sprite_puml`

warning: function `reference_fixtures_sprite_testPolylineSprites_puml` should have a snake case name
   --> tests/reference_tests.rs:482:17
    |
482 | reference_test!(reference_fixtures_sprite_testPolylineSprites_puml, "fixtures/sprite/testPolylineSprites.puml");
    |                 ^^^^^^^^^^^^^^^^^^^^^^^^^^^^^^^^^^^^^^^^^^^^^^^^^^ help: convert the identifier to snake case: `reference_fixtures_sprite_test_polyline_sprites_puml`

warning: `plantuml-little` (test "reference_tests") generated 112 warnings
    Finished `test` profile [unoptimized + debuginfo] target(s) in 0.19s
     Running tests/reference_tests.rs (target/debug/deps/reference_tests-d5ba934fd2d2bde0)

running 1 test
test reference_fixtures_component_buitin_newline_chr_puml ... FAILED

failures:

---- reference_fixtures_component_buitin_newline_chr_puml stdout ----

thread 'reference_fixtures_component_buitin_newline_chr_puml' (1567359) panicked at tests/reference_tests.rs:150:9:
tests/fixtures/component/buitin_newline_chr.puml: output differs from reference at line 1 col 131
expected: ...StyleType="text/css" data-diagram-type="CLASS" height="154px" preserveAspectRati...
actual:   ...StyleType="text/css" data-diagram-type="DESCRIPTION" height="178px" preserveAspe...
note: run with `RUST_BACKTRACE=1` environment variable to display a backtrace


failures:
    reference_fixtures_component_buitin_newline_chr_puml

test result: FAILED. 0 passed; 1 failed; 0 ignored; 0 measured; 295 filtered out; finished in 0.13s

error: test failed, to rerun pass `--test reference_tests`
